test_sign_negative <function test_sign_negative at 0x105bcd440>
test_sign_positive <function test_sign_positive at 0x105bcd4e0>
test_sign_zero <function test_sign_zero at 0x105bcd580>
test_sign_error <function test_sign_error at 0x105bcd620>
