{'__annotations__': {},
 '__builtins__': <module 'builtins' (built-in)>,
 '__cached__': None,
 '__doc__': None,
 '__file__': '/sdx/test/globals_plus.py',
 '__loader__': <_frozen_importlib_external.SourceFileLoader object \
at 0x108039290>,
 '__name__': '__main__',
 '__package__': None,
 '__spec__': None,
 'my_variable': 123,
 'pprint': <module 'pprint' from \
'/sdx/conda/envs/sdxpy/lib/python3.11/pprint.py'>}
