start: {'low': 1, 'high': 3}
loop 1: {'low': 1, 'high': 3, 'i': 1}
loop 2: {'low': 1, 'high': 3, 'i': 2}
end: {'low': 1, 'high': 3, 'i': 2}
