zero
Traceback (most recent call last):
  File "/sdx/test/signature.py", line 8, in <module>
    func()
TypeError: one() missing 1 required positional argument: 'value'
